........................................................................ [  6%]
........................................................................ [ 12%]
........................................................................ [ 18%]
........................................................................ [ 24%]
........................................................................ [ 30%]
........................................................................ [ 36%]
........................................................................ [ 42%]
........................................................................ [ 48%]
........................................................................ [ 54%]
........................................................................ [ 60%]
........................................................................ [ 67%]
........................................................................ [ 73%]
........................................................................ [ 79%]
........................................................................ [ 85%]
........................................................................ [ 91%]
........................................................................ [ 97%]
..............................                                           [100%]
=============================== warnings summary ===============================
tests/test_forecast_plots.py::test_when_any_valid_title_odds_provided_then_plot_title_odds_does_not_raise
  /Volumes/External SSD/worldcup-2026-prediction/worldcup_playoff/visualization/forecast_plots.py:81: UserWarning: Glyph 143358 (\N{CJK UNIFIED IDEOGRAPH-22FFE}) missing from font(s) Arial.
    plt.tight_layout()

tests/test_forecast_plots.py::test_when_any_valid_title_odds_provided_then_plot_title_odds_does_not_raise
  /Volumes/External SSD/worldcup-2026-prediction/worldcup_playoff/visualization/forecast_plots.py:43: UserWarning: Glyph 143358 (\N{CJK UNIFIED IDEOGRAPH-22FFE}) missing from font(s) Arial.
    fig.savefig(path, bbox_inches="tight")

tests/test_forecast_plots.py::test_when_any_valid_title_odds_provided_then_plot_title_odds_does_not_raise
  /Volumes/External SSD/worldcup-2026-prediction/worldcup_playoff/visualization/forecast_plots.py:81: UserWarning: Glyph 51547 (\N{HANGUL SYLLABLE JWILB}) missing from font(s) Arial.
    plt.tight_layout()

tests/test_forecast_plots.py::test_when_any_valid_title_odds_provided_then_plot_title_odds_does_not_raise
  /Volumes/External SSD/worldcup-2026-prediction/worldcup_playoff/visualization/forecast_plots.py:81: UserWarning: Glyph 66561 (\N{DESERET CAPITAL LETTER LONG E}) missing from font(s) Arial.
    plt.tight_layout()

tests/test_forecast_plots.py::test_when_any_valid_title_odds_provided_then_plot_title_odds_does_not_raise
  /Volumes/External SSD/worldcup-2026-prediction/worldcup_playoff/visualization/forecast_plots.py:81: UserWarning: Glyph 110834 (\N{HENTAIGANA LETTER RI-2}) missing from font(s) Arial.
    plt.tight_layout()

tests/test_forecast_plots.py::test_when_any_valid_title_odds_provided_then_plot_title_odds_does_not_raise
  /Volumes/External SSD/worldcup-2026-prediction/worldcup_playoff/visualization/forecast_plots.py:43: UserWarning: Glyph 51547 (\N{HANGUL SYLLABLE JWILB}) missing from font(s) Arial.
    fig.savefig(path, bbox_inches="tight")

tests/test_forecast_plots.py::test_when_any_valid_title_odds_provided_then_plot_title_odds_does_not_raise
  /Volumes/External SSD/worldcup-2026-prediction/worldcup_playoff/visualization/forecast_plots.py:43: UserWarning: Glyph 66561 (\N{DESERET CAPITAL LETTER LONG E}) missing from font(s) Arial.
    fig.savefig(path, bbox_inches="tight")

tests/test_forecast_plots.py::test_when_any_valid_title_odds_provided_then_plot_title_odds_does_not_raise
  /Volumes/External SSD/worldcup-2026-prediction/worldcup_playoff/visualization/forecast_plots.py:43: UserWarning: Glyph 110834 (\N{HENTAIGANA LETTER RI-2}) missing from font(s) Arial.
    fig.savefig(path, bbox_inches="tight")

tests/test_forecast_plots.py::test_when_any_valid_title_odds_provided_then_plot_title_odds_does_not_raise
tests/test_forecast_plots.py::test_when_any_valid_title_odds_provided_then_plot_title_odds_does_not_raise
  /Volumes/External SSD/worldcup-2026-prediction/worldcup_playoff/visualization/forecast_plots.py:81: UserWarning: Glyph 23225 (\N{CJK UNIFIED IDEOGRAPH-5AB9}) missing from font(s) Arial.
    plt.tight_layout()

tests/test_forecast_plots.py::test_when_any_valid_title_odds_provided_then_plot_title_odds_does_not_raise
tests/test_forecast_plots.py::test_when_any_valid_title_odds_provided_then_plot_title_odds_does_not_raise
  /Volumes/External SSD/worldcup-2026-prediction/worldcup_playoff/visualization/forecast_plots.py:43: UserWarning: Glyph 23225 (\N{CJK UNIFIED IDEOGRAPH-5AB9}) missing from font(s) Arial.
    fig.savefig(path, bbox_inches="tight")

tests/test_forecast_plots.py::test_when_any_valid_title_odds_provided_then_plot_title_odds_does_not_raise
  /Volumes/External SSD/worldcup-2026-prediction/worldcup_playoff/visualization/forecast_plots.py:81: UserWarning: Glyph 123205 (\N{NYIAKENG PUACHUE HMONG DIGIT FIVE}) missing from font(s) Arial.
    plt.tight_layout()

tests/test_forecast_plots.py::test_when_any_valid_title_odds_provided_then_plot_title_odds_does_not_raise
  /Volumes/External SSD/worldcup-2026-prediction/worldcup_playoff/visualization/forecast_plots.py:81: UserWarning: Glyph 179849 (\N{CJK UNIFIED IDEOGRAPH-2BE89}) missing from font(s) Arial.
    plt.tight_layout()

tests/test_forecast_plots.py::test_when_any_valid_title_odds_provided_then_plot_title_odds_does_not_raise
  /Volumes/External SSD/worldcup-2026-prediction/worldcup_playoff/visualization/forecast_plots.py:81: UserWarning: Glyph 197050 (\N{CJK UNIFIED IDEOGRAPH-301BA}) missing from font(s) Arial.
    plt.tight_layout()

tests/test_forecast_plots.py::test_when_any_valid_title_odds_provided_then_plot_title_odds_does_not_raise
  /Volumes/External SSD/worldcup-2026-prediction/worldcup_playoff/visualization/forecast_plots.py:81: UserWarning: Glyph 138546 (\N{CJK UNIFIED IDEOGRAPH-21D32}) missing from font(s) Arial.
    plt.tight_layout()

tests/test_forecast_plots.py::test_when_any_valid_title_odds_provided_then_plot_title_odds_does_not_raise
  /Volumes/External SSD/worldcup-2026-prediction/worldcup_playoff/visualization/forecast_plots.py:81: UserWarning: Glyph 40987 (\N{YI SYLLABLE BIEX}) missing from font(s) Arial.
    plt.tight_layout()

tests/test_forecast_plots.py::test_when_any_valid_title_odds_provided_then_plot_title_odds_does_not_raise
  /Volumes/External SSD/worldcup-2026-prediction/worldcup_playoff/visualization/forecast_plots.py:43: UserWarning: Glyph 123205 (\N{NYIAKENG PUACHUE HMONG DIGIT FIVE}) missing from font(s) Arial.
    fig.savefig(path, bbox_inches="tight")

tests/test_forecast_plots.py::test_when_any_valid_title_odds_provided_then_plot_title_odds_does_not_raise
  /Volumes/External SSD/worldcup-2026-prediction/worldcup_playoff/visualization/forecast_plots.py:43: UserWarning: Glyph 179849 (\N{CJK UNIFIED IDEOGRAPH-2BE89}) missing from font(s) Arial.
    fig.savefig(path, bbox_inches="tight")

tests/test_forecast_plots.py::test_when_any_valid_title_odds_provided_then_plot_title_odds_does_not_raise
  /Volumes/External SSD/worldcup-2026-prediction/worldcup_playoff/visualization/forecast_plots.py:43: UserWarning: Glyph 197050 (\N{CJK UNIFIED IDEOGRAPH-301BA}) missing from font(s) Arial.
    fig.savefig(path, bbox_inches="tight")

tests/test_forecast_plots.py::test_when_any_valid_title_odds_provided_then_plot_title_odds_does_not_raise
  /Volumes/External SSD/worldcup-2026-prediction/worldcup_playoff/visualization/forecast_plots.py:43: UserWarning: Glyph 138546 (\N{CJK UNIFIED IDEOGRAPH-21D32}) missing from font(s) Arial.
    fig.savefig(path, bbox_inches="tight")

tests/test_forecast_plots.py::test_when_any_valid_title_odds_provided_then_plot_title_odds_does_not_raise
  /Volumes/External SSD/worldcup-2026-prediction/worldcup_playoff/visualization/forecast_plots.py:43: UserWarning: Glyph 40987 (\N{YI SYLLABLE BIEX}) missing from font(s) Arial.
    fig.savefig(path, bbox_inches="tight")

tests/test_forecast_plots.py::test_when_any_valid_title_odds_provided_then_plot_title_odds_does_not_raise
  /Volumes/External SSD/worldcup-2026-prediction/worldcup_playoff/visualization/forecast_plots.py:81: UserWarning: Glyph 100308 (\U000187d4) missing from font(s) Arial.
    plt.tight_layout()

tests/test_forecast_plots.py::test_when_any_valid_title_odds_provided_then_plot_title_odds_does_not_raise
  /Volumes/External SSD/worldcup-2026-prediction/worldcup_playoff/visualization/forecast_plots.py:81: UserWarning: Glyph 18819 (\N{CJK UNIFIED IDEOGRAPH-4983}) missing from font(s) Arial.
    plt.tight_layout()

tests/test_forecast_plots.py::test_when_any_valid_title_odds_provided_then_plot_title_odds_does_not_raise
  /Volumes/External SSD/worldcup-2026-prediction/worldcup_playoff/visualization/forecast_plots.py:81: UserWarning: Glyph 160926 (\N{CJK UNIFIED IDEOGRAPH-2749E}) missing from font(s) Arial.
    plt.tight_layout()

tests/test_forecast_plots.py::test_when_any_valid_title_odds_provided_then_plot_title_odds_does_not_raise
  /Volumes/External SSD/worldcup-2026-prediction/worldcup_playoff/visualization/forecast_plots.py:81: UserWarning: Glyph 141424 (\N{CJK UNIFIED IDEOGRAPH-22870}) missing from font(s) Arial.
    plt.tight_layout()

tests/test_forecast_plots.py::test_when_any_valid_title_odds_provided_then_plot_title_odds_does_not_raise
  /Volumes/External SSD/worldcup-2026-prediction/worldcup_playoff/visualization/forecast_plots.py:81: UserWarning: Glyph 5138 (\N{CANADIAN SYLLABICS WO}) missing from font(s) Arial.
    plt.tight_layout()

tests/test_forecast_plots.py::test_when_any_valid_title_odds_provided_then_plot_title_odds_does_not_raise
  /Volumes/External SSD/worldcup-2026-prediction/worldcup_playoff/visualization/forecast_plots.py:43: UserWarning: Glyph 100308 (\U000187d4) missing from font(s) Arial.
    fig.savefig(path, bbox_inches="tight")

tests/test_forecast_plots.py::test_when_any_valid_title_odds_provided_then_plot_title_odds_does_not_raise
  /Volumes/External SSD/worldcup-2026-prediction/worldcup_playoff/visualization/forecast_plots.py:43: UserWarning: Glyph 18819 (\N{CJK UNIFIED IDEOGRAPH-4983}) missing from font(s) Arial.
    fig.savefig(path, bbox_inches="tight")

tests/test_forecast_plots.py::test_when_any_valid_title_odds_provided_then_plot_title_odds_does_not_raise
  /Volumes/External SSD/worldcup-2026-prediction/worldcup_playoff/visualization/forecast_plots.py:43: UserWarning: Glyph 160926 (\N{CJK UNIFIED IDEOGRAPH-2749E}) missing from font(s) Arial.
    fig.savefig(path, bbox_inches="tight")

tests/test_forecast_plots.py::test_when_any_valid_title_odds_provided_then_plot_title_odds_does_not_raise
  /Volumes/External SSD/worldcup-2026-prediction/worldcup_playoff/visualization/forecast_plots.py:43: UserWarning: Glyph 141424 (\N{CJK UNIFIED IDEOGRAPH-22870}) missing from font(s) Arial.
    fig.savefig(path, bbox_inches="tight")

tests/test_forecast_plots.py::test_when_any_valid_title_odds_provided_then_plot_title_odds_does_not_raise
  /Volumes/External SSD/worldcup-2026-prediction/worldcup_playoff/visualization/forecast_plots.py:43: UserWarning: Glyph 5138 (\N{CANADIAN SYLLABICS WO}) missing from font(s) Arial.
    fig.savefig(path, bbox_inches="tight")

tests/test_forecast_plots.py::test_when_any_valid_title_odds_provided_then_plot_title_odds_does_not_raise
  /Volumes/External SSD/worldcup-2026-prediction/worldcup_playoff/visualization/forecast_plots.py:81: UserWarning: Glyph 51421 (\N{HANGUL SYLLABLE JOET}) missing from font(s) Arial.
    plt.tight_layout()

tests/test_forecast_plots.py::test_when_any_valid_title_odds_provided_then_plot_title_odds_does_not_raise
  /Volumes/External SSD/worldcup-2026-prediction/worldcup_playoff/visualization/forecast_plots.py:81: UserWarning: Glyph 169661 (\N{CJK UNIFIED IDEOGRAPH-296BD}) missing from font(s) Arial.
    plt.tight_layout()

tests/test_forecast_plots.py::test_when_any_valid_title_odds_provided_then_plot_title_odds_does_not_raise
  /Volumes/External SSD/worldcup-2026-prediction/worldcup_playoff/visualization/forecast_plots.py:81: UserWarning: Glyph 135249 (\N{CJK UNIFIED IDEOGRAPH-21051}) missing from font(s) Arial.
    plt.tight_layout()

tests/test_forecast_plots.py::test_when_any_valid_title_odds_provided_then_plot_title_odds_does_not_raise
  /Volumes/External SSD/worldcup-2026-prediction/worldcup_playoff/visualization/forecast_plots.py:81: UserWarning: Glyph 99227 (\U0001839b) missing from font(s) Arial.
    plt.tight_layout()

tests/test_forecast_plots.py::test_when_any_valid_title_odds_provided_then_plot_title_odds_does_not_raise
  /Volumes/External SSD/worldcup-2026-prediction/worldcup_playoff/visualization/forecast_plots.py:81: UserWarning: Glyph 188116 (\N{CJK UNIFIED IDEOGRAPH-2DED4}) missing from font(s) Arial.
    plt.tight_layout()

tests/test_forecast_plots.py::test_when_any_valid_title_odds_provided_then_plot_title_odds_does_not_raise
  /Volumes/External SSD/worldcup-2026-prediction/worldcup_playoff/visualization/forecast_plots.py:81: UserWarning: Glyph 100769 (\N{TANGUT COMPONENT-418}) missing from font(s) Arial.
    plt.tight_layout()

tests/test_forecast_plots.py::test_when_any_valid_title_odds_provided_then_plot_title_odds_does_not_raise
  /Volumes/External SSD/worldcup-2026-prediction/worldcup_playoff/visualization/forecast_plots.py:81: UserWarning: Glyph 131274 (\N{CJK UNIFIED IDEOGRAPH-200CA}) missing from font(s) Arial.
    plt.tight_layout()

tests/test_forecast_plots.py::test_when_any_valid_title_odds_provided_then_plot_title_odds_does_not_raise
  /Volumes/External SSD/worldcup-2026-prediction/worldcup_playoff/visualization/forecast_plots.py:43: UserWarning: Glyph 51421 (\N{HANGUL SYLLABLE JOET}) missing from font(s) Arial.
    fig.savefig(path, bbox_inches="tight")

tests/test_forecast_plots.py::test_when_any_valid_title_odds_provided_then_plot_title_odds_does_not_raise
  /Volumes/External SSD/worldcup-2026-prediction/worldcup_playoff/visualization/forecast_plots.py:43: UserWarning: Glyph 169661 (\N{CJK UNIFIED IDEOGRAPH-296BD}) missing from font(s) Arial.
    fig.savefig(path, bbox_inches="tight")

tests/test_forecast_plots.py::test_when_any_valid_title_odds_provided_then_plot_title_odds_does_not_raise
  /Volumes/External SSD/worldcup-2026-prediction/worldcup_playoff/visualization/forecast_plots.py:43: UserWarning: Glyph 135249 (\N{CJK UNIFIED IDEOGRAPH-21051}) missing from font(s) Arial.
    fig.savefig(path, bbox_inches="tight")

tests/test_forecast_plots.py::test_when_any_valid_title_odds_provided_then_plot_title_odds_does_not_raise
  /Volumes/External SSD/worldcup-2026-prediction/worldcup_playoff/visualization/forecast_plots.py:43: UserWarning: Glyph 99227 (\U0001839b) missing from font(s) Arial.
    fig.savefig(path, bbox_inches="tight")

tests/test_forecast_plots.py::test_when_any_valid_title_odds_provided_then_plot_title_odds_does_not_raise
  /Volumes/External SSD/worldcup-2026-prediction/worldcup_playoff/visualization/forecast_plots.py:43: UserWarning: Glyph 188116 (\N{CJK UNIFIED IDEOGRAPH-2DED4}) missing from font(s) Arial.
    fig.savefig(path, bbox_inches="tight")

tests/test_forecast_plots.py::test_when_any_valid_title_odds_provided_then_plot_title_odds_does_not_raise
  /Volumes/External SSD/worldcup-2026-prediction/worldcup_playoff/visualization/forecast_plots.py:43: UserWarning: Glyph 100769 (\N{TANGUT COMPONENT-418}) missing from font(s) Arial.
    fig.savefig(path, bbox_inches="tight")

tests/test_forecast_plots.py::test_when_any_valid_title_odds_provided_then_plot_title_odds_does_not_raise
  /Volumes/External SSD/worldcup-2026-prediction/worldcup_playoff/visualization/forecast_plots.py:43: UserWarning: Glyph 131274 (\N{CJK UNIFIED IDEOGRAPH-200CA}) missing from font(s) Arial.
    fig.savefig(path, bbox_inches="tight")

tests/test_forecast_plots.py::test_when_any_valid_title_odds_provided_then_plot_title_odds_does_not_raise
  /Volumes/External SSD/worldcup-2026-prediction/worldcup_playoff/visualization/forecast_plots.py:81: UserWarning: Glyph 101538 (\N{KHITAN SMALL SCRIPT CHARACTER-18CA2}) missing from font(s) Arial.
    plt.tight_layout()

tests/test_forecast_plots.py::test_when_any_valid_title_odds_provided_then_plot_title_odds_does_not_raise
  /Volumes/External SSD/worldcup-2026-prediction/worldcup_playoff/visualization/forecast_plots.py:81: UserWarning: Glyph 172543 (\N{CJK UNIFIED IDEOGRAPH-2A1FF}) missing from font(s) Arial.
    plt.tight_layout()

tests/test_forecast_plots.py::test_when_any_valid_title_odds_provided_then_plot_title_odds_does_not_raise
  /Volumes/External SSD/worldcup-2026-prediction/worldcup_playoff/visualization/forecast_plots.py:81: UserWarning: Glyph 199842 (\N{CJK UNIFIED IDEOGRAPH-30CA2}) missing from font(s) Arial.
    plt.tight_layout()

tests/test_forecast_plots.py::test_when_any_valid_title_odds_provided_then_plot_title_odds_does_not_raise
  /Volumes/External SSD/worldcup-2026-prediction/worldcup_playoff/visualization/forecast_plots.py:81: UserWarning: Glyph 34828 (\N{CJK UNIFIED IDEOGRAPH-880C}) missing from font(s) Arial.
    plt.tight_layout()

tests/test_forecast_plots.py::test_when_any_valid_title_odds_provided_then_plot_title_odds_does_not_raise
  /Volumes/External SSD/worldcup-2026-prediction/worldcup_playoff/visualization/forecast_plots.py:81: UserWarning: Glyph 204504 (\N{CJK UNIFIED IDEOGRAPH-31ED8}) missing from font(s) Arial.
    plt.tight_layout()

tests/test_forecast_plots.py::test_when_any_valid_title_odds_provided_then_plot_title_odds_does_not_raise
  /Volumes/External SSD/worldcup-2026-prediction/worldcup_playoff/visualization/forecast_plots.py:81: UserWarning: Glyph 180814 (\N{CJK UNIFIED IDEOGRAPH-2C24E}) missing from font(s) Arial.
    plt.tight_layout()

tests/test_forecast_plots.py::test_when_any_valid_title_odds_provided_then_plot_title_odds_does_not_raise
  /Volumes/External SSD/worldcup-2026-prediction/worldcup_playoff/visualization/forecast_plots.py:81: UserWarning: Glyph 150939 (\N{CJK UNIFIED IDEOGRAPH-24D9B}) missing from font(s) Arial.
    plt.tight_layout()

tests/test_forecast_plots.py::test_when_any_valid_title_odds_provided_then_plot_title_odds_does_not_raise
  /Volumes/External SSD/worldcup-2026-prediction/worldcup_playoff/visualization/forecast_plots.py:43: UserWarning: Glyph 101538 (\N{KHITAN SMALL SCRIPT CHARACTER-18CA2}) missing from font(s) Arial.
    fig.savefig(path, bbox_inches="tight")

tests/test_forecast_plots.py::test_when_any_valid_title_odds_provided_then_plot_title_odds_does_not_raise
  /Volumes/External SSD/worldcup-2026-prediction/worldcup_playoff/visualization/forecast_plots.py:43: UserWarning: Glyph 172543 (\N{CJK UNIFIED IDEOGRAPH-2A1FF}) missing from font(s) Arial.
    fig.savefig(path, bbox_inches="tight")

tests/test_forecast_plots.py::test_when_any_valid_title_odds_provided_then_plot_title_odds_does_not_raise
  /Volumes/External SSD/worldcup-2026-prediction/worldcup_playoff/visualization/forecast_plots.py:43: UserWarning: Glyph 199842 (\N{CJK UNIFIED IDEOGRAPH-30CA2}) missing from font(s) Arial.
    fig.savefig(path, bbox_inches="tight")

tests/test_forecast_plots.py::test_when_any_valid_title_odds_provided_then_plot_title_odds_does_not_raise
  /Volumes/External SSD/worldcup-2026-prediction/worldcup_playoff/visualization/forecast_plots.py:43: UserWarning: Glyph 34828 (\N{CJK UNIFIED IDEOGRAPH-880C}) missing from font(s) Arial.
    fig.savefig(path, bbox_inches="tight")

tests/test_forecast_plots.py::test_when_any_valid_title_odds_provided_then_plot_title_odds_does_not_raise
  /Volumes/External SSD/worldcup-2026-prediction/worldcup_playoff/visualization/forecast_plots.py:43: UserWarning: Glyph 204504 (\N{CJK UNIFIED IDEOGRAPH-31ED8}) missing from font(s) Arial.
    fig.savefig(path, bbox_inches="tight")

tests/test_forecast_plots.py::test_when_any_valid_title_odds_provided_then_plot_title_odds_does_not_raise
  /Volumes/External SSD/worldcup-2026-prediction/worldcup_playoff/visualization/forecast_plots.py:43: UserWarning: Glyph 180814 (\N{CJK UNIFIED IDEOGRAPH-2C24E}) missing from font(s) Arial.
    fig.savefig(path, bbox_inches="tight")

tests/test_forecast_plots.py::test_when_any_valid_title_odds_provided_then_plot_title_odds_does_not_raise
  /Volumes/External SSD/worldcup-2026-prediction/worldcup_playoff/visualization/forecast_plots.py:43: UserWarning: Glyph 150939 (\N{CJK UNIFIED IDEOGRAPH-24D9B}) missing from font(s) Arial.
    fig.savefig(path, bbox_inches="tight")

tests/test_forecast_plots.py::test_when_any_valid_title_odds_provided_then_plot_title_odds_does_not_raise
  /Volumes/External SSD/worldcup-2026-prediction/worldcup_playoff/visualization/forecast_plots.py:81: UserWarning: Glyph 165975 (\N{CJK UNIFIED IDEOGRAPH-28857}) missing from font(s) Arial.
    plt.tight_layout()

tests/test_forecast_plots.py::test_when_any_valid_title_odds_provided_then_plot_title_odds_does_not_raise
  /Volumes/External SSD/worldcup-2026-prediction/worldcup_playoff/visualization/forecast_plots.py:81: UserWarning: Glyph 171691 (\N{CJK UNIFIED IDEOGRAPH-29EAB}) missing from font(s) Arial.
    plt.tight_layout()

tests/test_forecast_plots.py::test_when_any_valid_title_odds_provided_then_plot_title_odds_does_not_raise
  /Volumes/External SSD/worldcup-2026-prediction/worldcup_playoff/visualization/forecast_plots.py:81: UserWarning: Glyph 100300 (\U000187cc) missing from font(s) Arial.
    plt.tight_layout()

tests/test_forecast_plots.py::test_when_any_valid_title_odds_provided_then_plot_title_odds_does_not_raise
  /Volumes/External SSD/worldcup-2026-prediction/worldcup_playoff/visualization/forecast_plots.py:81: UserWarning: Glyph 45556 (\N{HANGUL SYLLABLE NYOLS}) missing from font(s) Arial.
    plt.tight_layout()

tests/test_forecast_plots.py::test_when_any_valid_title_odds_provided_then_plot_title_odds_does_not_raise
  /Volumes/External SSD/worldcup-2026-prediction/worldcup_playoff/visualization/forecast_plots.py:81: UserWarning: Glyph 182946 (\N{CJK UNIFIED IDEOGRAPH-2CAA2}) missing from font(s) Arial.
    plt.tight_layout()

tests/test_forecast_plots.py::test_when_any_valid_title_odds_provided_then_plot_title_odds_does_not_raise
  /Volumes/External SSD/worldcup-2026-prediction/worldcup_playoff/visualization/forecast_plots.py:81: UserWarning: Glyph 181282 (\N{CJK UNIFIED IDEOGRAPH-2C422}) missing from font(s) Arial.
    plt.tight_layout()

tests/test_forecast_plots.py::test_when_any_valid_title_odds_provided_then_plot_title_odds_does_not_raise
  /Volumes/External SSD/worldcup-2026-prediction/worldcup_playoff/visualization/forecast_plots.py:81: UserWarning: Glyph 148847 (\N{CJK UNIFIED IDEOGRAPH-2456F}) missing from font(s) Arial.
    plt.tight_layout()

tests/test_forecast_plots.py::test_when_any_valid_title_odds_provided_then_plot_title_odds_does_not_raise
  /Volumes/External SSD/worldcup-2026-prediction/worldcup_playoff/visualization/forecast_plots.py:43: UserWarning: Glyph 165975 (\N{CJK UNIFIED IDEOGRAPH-28857}) missing from font(s) Arial.
    fig.savefig(path, bbox_inches="tight")

tests/test_forecast_plots.py::test_when_any_valid_title_odds_provided_then_plot_title_odds_does_not_raise
  /Volumes/External SSD/worldcup-2026-prediction/worldcup_playoff/visualization/forecast_plots.py:43: UserWarning: Glyph 171691 (\N{CJK UNIFIED IDEOGRAPH-29EAB}) missing from font(s) Arial.
    fig.savefig(path, bbox_inches="tight")

tests/test_forecast_plots.py::test_when_any_valid_title_odds_provided_then_plot_title_odds_does_not_raise
  /Volumes/External SSD/worldcup-2026-prediction/worldcup_playoff/visualization/forecast_plots.py:43: UserWarning: Glyph 100300 (\U000187cc) missing from font(s) Arial.
    fig.savefig(path, bbox_inches="tight")

tests/test_forecast_plots.py::test_when_any_valid_title_odds_provided_then_plot_title_odds_does_not_raise
  /Volumes/External SSD/worldcup-2026-prediction/worldcup_playoff/visualization/forecast_plots.py:43: UserWarning: Glyph 45556 (\N{HANGUL SYLLABLE NYOLS}) missing from font(s) Arial.
    fig.savefig(path, bbox_inches="tight")

tests/test_forecast_plots.py::test_when_any_valid_title_odds_provided_then_plot_title_odds_does_not_raise
  /Volumes/External SSD/worldcup-2026-prediction/worldcup_playoff/visualization/forecast_plots.py:43: UserWarning: Glyph 182946 (\N{CJK UNIFIED IDEOGRAPH-2CAA2}) missing from font(s) Arial.
    fig.savefig(path, bbox_inches="tight")

tests/test_forecast_plots.py::test_when_any_valid_title_odds_provided_then_plot_title_odds_does_not_raise
  /Volumes/External SSD/worldcup-2026-prediction/worldcup_playoff/visualization/forecast_plots.py:43: UserWarning: Glyph 181282 (\N{CJK UNIFIED IDEOGRAPH-2C422}) missing from font(s) Arial.
    fig.savefig(path, bbox_inches="tight")

tests/test_forecast_plots.py::test_when_any_valid_title_odds_provided_then_plot_title_odds_does_not_raise
  /Volumes/External SSD/worldcup-2026-prediction/worldcup_playoff/visualization/forecast_plots.py:43: UserWarning: Glyph 148847 (\N{CJK UNIFIED IDEOGRAPH-2456F}) missing from font(s) Arial.
    fig.savefig(path, bbox_inches="tight")

tests/test_forecast_plots.py::test_when_any_valid_title_odds_provided_then_plot_title_odds_does_not_raise
tests/test_forecast_plots.py::test_when_any_valid_title_odds_provided_then_plot_title_odds_does_not_raise
  /Volumes/External SSD/worldcup-2026-prediction/worldcup_playoff/visualization/forecast_plots.py:81: UserWarning: Glyph 29836 (\N{CJK UNIFIED IDEOGRAPH-748C}) missing from font(s) Arial.
    plt.tight_layout()

tests/test_forecast_plots.py::test_when_any_valid_title_odds_provided_then_plot_title_odds_does_not_raise
tests/test_forecast_plots.py::test_when_any_valid_title_odds_provided_then_plot_title_odds_does_not_raise
  /Volumes/External SSD/worldcup-2026-prediction/worldcup_playoff/visualization/forecast_plots.py:81: UserWarning: Glyph 51907 (\N{HANGUL SYLLABLE JJOD}) missing from font(s) Arial.
    plt.tight_layout()

tests/test_forecast_plots.py::test_when_any_valid_title_odds_provided_then_plot_title_odds_does_not_raise
tests/test_forecast_plots.py::test_when_any_valid_title_odds_provided_then_plot_title_odds_does_not_raise
  /Volumes/External SSD/worldcup-2026-prediction/worldcup_playoff/visualization/forecast_plots.py:81: UserWarning: Glyph 186620 (\N{CJK UNIFIED IDEOGRAPH-2D8FC}) missing from font(s) Arial.
    plt.tight_layout()

tests/test_forecast_plots.py::test_when_any_valid_title_odds_provided_then_plot_title_odds_does_not_raise
tests/test_forecast_plots.py::test_when_any_valid_title_odds_provided_then_plot_title_odds_does_not_raise
  /Volumes/External SSD/worldcup-2026-prediction/worldcup_playoff/visualization/forecast_plots.py:43: UserWarning: Glyph 29836 (\N{CJK UNIFIED IDEOGRAPH-748C}) missing from font(s) Arial.
    fig.savefig(path, bbox_inches="tight")

tests/test_forecast_plots.py::test_when_any_valid_title_odds_provided_then_plot_title_odds_does_not_raise
tests/test_forecast_plots.py::test_when_any_valid_title_odds_provided_then_plot_title_odds_does_not_raise
  /Volumes/External SSD/worldcup-2026-prediction/worldcup_playoff/visualization/forecast_plots.py:43: UserWarning: Glyph 51907 (\N{HANGUL SYLLABLE JJOD}) missing from font(s) Arial.
    fig.savefig(path, bbox_inches="tight")

tests/test_forecast_plots.py::test_when_any_valid_title_odds_provided_then_plot_title_odds_does_not_raise
tests/test_forecast_plots.py::test_when_any_valid_title_odds_provided_then_plot_title_odds_does_not_raise
  /Volumes/External SSD/worldcup-2026-prediction/worldcup_playoff/visualization/forecast_plots.py:43: UserWarning: Glyph 186620 (\N{CJK UNIFIED IDEOGRAPH-2D8FC}) missing from font(s) Arial.
    fig.savefig(path, bbox_inches="tight")

tests/test_forecast_plots.py::test_when_any_valid_title_odds_provided_then_plot_title_odds_does_not_raise
  /Volumes/External SSD/worldcup-2026-prediction/worldcup_playoff/visualization/forecast_plots.py:81: UserWarning: Glyph 151092 (\N{CJK UNIFIED IDEOGRAPH-24E34}) missing from font(s) Arial.
    plt.tight_layout()

tests/test_forecast_plots.py::test_when_any_valid_title_odds_provided_then_plot_title_odds_does_not_raise
  /Volumes/External SSD/worldcup-2026-prediction/worldcup_playoff/visualization/forecast_plots.py:43: UserWarning: Glyph 151092 (\N{CJK UNIFIED IDEOGRAPH-24E34}) missing from font(s) Arial.
    fig.savefig(path, bbox_inches="tight")

tests/test_forecast_plots.py::test_when_any_valid_title_odds_provided_then_plot_title_odds_does_not_raise
tests/test_forecast_plots.py::test_when_any_valid_title_odds_provided_then_plot_title_odds_does_not_raise
tests/test_forecast_plots.py::test_when_any_valid_title_odds_provided_then_plot_title_odds_does_not_raise
tests/test_forecast_plots.py::test_when_any_valid_title_odds_provided_then_plot_title_odds_does_not_raise
  /Volumes/External SSD/worldcup-2026-prediction/worldcup_playoff/visualization/forecast_plots.py:81: UserWarning: Glyph 145715 (\N{CJK UNIFIED IDEOGRAPH-23933}) missing from font(s) Arial.
    plt.tight_layout()

tests/test_forecast_plots.py::test_when_any_valid_title_odds_provided_then_plot_title_odds_does_not_raise
tests/test_forecast_plots.py::test_when_any_valid_title_odds_provided_then_plot_title_odds_does_not_raise
  /Volumes/External SSD/worldcup-2026-prediction/worldcup_playoff/visualization/forecast_plots.py:81: UserWarning: Glyph 29371 (\N{CJK UNIFIED IDEOGRAPH-72BB}) missing from font(s) Arial.
    plt.tight_layout()

tests/test_forecast_plots.py::test_when_any_valid_title_odds_provided_then_plot_title_odds_does_not_raise
tests/test_forecast_plots.py::test_when_any_valid_title_odds_provided_then_plot_title_odds_does_not_raise
  /Volumes/External SSD/worldcup-2026-prediction/worldcup_playoff/visualization/forecast_plots.py:81: UserWarning: Glyph 137533 (\N{CJK UNIFIED IDEOGRAPH-2193D}) missing from font(s) Arial.
    plt.tight_layout()

tests/test_forecast_plots.py::test_when_any_valid_title_odds_provided_then_plot_title_odds_does_not_raise
tests/test_forecast_plots.py::test_when_any_valid_title_odds_provided_then_plot_title_odds_does_not_raise
  /Volumes/External SSD/worldcup-2026-prediction/worldcup_playoff/visualization/forecast_plots.py:81: UserWarning: Glyph 14263 (\N{CJK UNIFIED IDEOGRAPH-37B7}) missing from font(s) Arial.
    plt.tight_layout()

tests/test_forecast_plots.py::test_when_any_valid_title_odds_provided_then_plot_title_odds_does_not_raise
tests/test_forecast_plots.py::test_when_any_valid_title_odds_provided_then_plot_title_odds_does_not_raise
tests/test_forecast_plots.py::test_when_any_valid_title_odds_provided_then_plot_title_odds_does_not_raise
tests/test_forecast_plots.py::test_when_any_valid_title_odds_provided_then_plot_title_odds_does_not_raise
  /Volumes/External SSD/worldcup-2026-prediction/worldcup_playoff/visualization/forecast_plots.py:43: UserWarning: Glyph 145715 (\N{CJK UNIFIED IDEOGRAPH-23933}) missing from font(s) Arial.
    fig.savefig(path, bbox_inches="tight")

tests/test_forecast_plots.py::test_when_any_valid_title_odds_provided_then_plot_title_odds_does_not_raise
tests/test_forecast_plots.py::test_when_any_valid_title_odds_provided_then_plot_title_odds_does_not_raise
  /Volumes/External SSD/worldcup-2026-prediction/worldcup_playoff/visualization/forecast_plots.py:43: UserWarning: Glyph 29371 (\N{CJK UNIFIED IDEOGRAPH-72BB}) missing from font(s) Arial.
    fig.savefig(path, bbox_inches="tight")

tests/test_forecast_plots.py::test_when_any_valid_title_odds_provided_then_plot_title_odds_does_not_raise
tests/test_forecast_plots.py::test_when_any_valid_title_odds_provided_then_plot_title_odds_does_not_raise
  /Volumes/External SSD/worldcup-2026-prediction/worldcup_playoff/visualization/forecast_plots.py:43: UserWarning: Glyph 137533 (\N{CJK UNIFIED IDEOGRAPH-2193D}) missing from font(s) Arial.
    fig.savefig(path, bbox_inches="tight")

tests/test_forecast_plots.py::test_when_any_valid_title_odds_provided_then_plot_title_odds_does_not_raise
tests/test_forecast_plots.py::test_when_any_valid_title_odds_provided_then_plot_title_odds_does_not_raise
  /Volumes/External SSD/worldcup-2026-prediction/worldcup_playoff/visualization/forecast_plots.py:43: UserWarning: Glyph 14263 (\N{CJK UNIFIED IDEOGRAPH-37B7}) missing from font(s) Arial.
    fig.savefig(path, bbox_inches="tight")

tests/test_forecast_plots.py::test_when_any_valid_title_odds_provided_then_plot_title_odds_does_not_raise
  /Volumes/External SSD/worldcup-2026-prediction/worldcup_playoff/visualization/forecast_plots.py:81: UserWarning: Glyph 137370 (\N{CJK UNIFIED IDEOGRAPH-2189A}) missing from font(s) Arial.
    plt.tight_layout()

tests/test_forecast_plots.py::test_when_any_valid_title_odds_provided_then_plot_title_odds_does_not_raise
  /Volumes/External SSD/worldcup-2026-prediction/worldcup_playoff/visualization/forecast_plots.py:43: UserWarning: Glyph 137370 (\N{CJK UNIFIED IDEOGRAPH-2189A}) missing from font(s) Arial.
    fig.savefig(path, bbox_inches="tight")

tests/test_forecast_plots.py::test_when_any_valid_title_odds_provided_then_plot_title_odds_does_not_raise
  /Volumes/External SSD/worldcup-2026-prediction/worldcup_playoff/visualization/forecast_plots.py:81: UserWarning: Glyph 202200 (\N{CJK UNIFIED IDEOGRAPH-315D8}) missing from font(s) Arial.
    plt.tight_layout()

tests/test_forecast_plots.py::test_when_any_valid_title_odds_provided_then_plot_title_odds_does_not_raise
tests/test_forecast_plots.py::test_when_any_valid_title_odds_provided_then_plot_title_odds_does_not_raise
tests/test_forecast_plots.py::test_when_any_valid_title_odds_provided_then_plot_title_odds_does_not_raise
  /Volumes/External SSD/worldcup-2026-prediction/worldcup_playoff/visualization/forecast_plots.py:81: UserWarning: Glyph 136954 (\N{CJK UNIFIED IDEOGRAPH-216FA}) missing from font(s) Arial.
    plt.tight_layout()

tests/test_forecast_plots.py::test_when_any_valid_title_odds_provided_then_plot_title_odds_does_not_raise
  /Volumes/External SSD/worldcup-2026-prediction/worldcup_playoff/visualization/forecast_plots.py:81: UserWarning: Glyph 139630 (\N{CJK UNIFIED IDEOGRAPH-2216E}) missing from font(s) Arial.
    plt.tight_layout()

tests/test_forecast_plots.py::test_when_any_valid_title_odds_provided_then_plot_title_odds_does_not_raise
  /Volumes/External SSD/worldcup-2026-prediction/worldcup_playoff/visualization/forecast_plots.py:81: UserWarning: Glyph 137599 (\N{CJK UNIFIED IDEOGRAPH-2197F}) missing from font(s) Arial.
    plt.tight_layout()

tests/test_forecast_plots.py::test_when_any_valid_title_odds_provided_then_plot_title_odds_does_not_raise
  /Volumes/External SSD/worldcup-2026-prediction/worldcup_playoff/visualization/forecast_plots.py:81: UserWarning: Glyph 93979 (\N{MIAO LETTER DLHA}) missing from font(s) Arial.
    plt.tight_layout()

tests/test_forecast_plots.py::test_when_any_valid_title_odds_provided_then_plot_title_odds_does_not_raise
  /Volumes/External SSD/worldcup-2026-prediction/worldcup_playoff/visualization/forecast_plots.py:81: UserWarning: Glyph 34450 (\N{CJK UNIFIED IDEOGRAPH-8692}) missing from font(s) Arial.
    plt.tight_layout()

tests/test_forecast_plots.py::test_when_any_valid_title_odds_provided_then_plot_title_odds_does_not_raise
  /Volumes/External SSD/worldcup-2026-prediction/worldcup_playoff/visualization/forecast_plots.py:43: UserWarning: Glyph 202200 (\N{CJK UNIFIED IDEOGRAPH-315D8}) missing from font(s) Arial.
    fig.savefig(path, bbox_inches="tight")

tests/test_forecast_plots.py::test_when_any_valid_title_odds_provided_then_plot_title_odds_does_not_raise
tests/test_forecast_plots.py::test_when_any_valid_title_odds_provided_then_plot_title_odds_does_not_raise
tests/test_forecast_plots.py::test_when_any_valid_title_odds_provided_then_plot_title_odds_does_not_raise
  /Volumes/External SSD/worldcup-2026-prediction/worldcup_playoff/visualization/forecast_plots.py:43: UserWarning: Glyph 136954 (\N{CJK UNIFIED IDEOGRAPH-216FA}) missing from font(s) Arial.
    fig.savefig(path, bbox_inches="tight")

tests/test_forecast_plots.py::test_when_any_valid_title_odds_provided_then_plot_title_odds_does_not_raise
  /Volumes/External SSD/worldcup-2026-prediction/worldcup_playoff/visualization/forecast_plots.py:43: UserWarning: Glyph 139630 (\N{CJK UNIFIED IDEOGRAPH-2216E}) missing from font(s) Arial.
    fig.savefig(path, bbox_inches="tight")

tests/test_forecast_plots.py::test_when_any_valid_title_odds_provided_then_plot_title_odds_does_not_raise
  /Volumes/External SSD/worldcup-2026-prediction/worldcup_playoff/visualization/forecast_plots.py:43: UserWarning: Glyph 137599 (\N{CJK UNIFIED IDEOGRAPH-2197F}) missing from font(s) Arial.
    fig.savefig(path, bbox_inches="tight")

tests/test_forecast_plots.py::test_when_any_valid_title_odds_provided_then_plot_title_odds_does_not_raise
  /Volumes/External SSD/worldcup-2026-prediction/worldcup_playoff/visualization/forecast_plots.py:43: UserWarning: Glyph 93979 (\N{MIAO LETTER DLHA}) missing from font(s) Arial.
    fig.savefig(path, bbox_inches="tight")

tests/test_forecast_plots.py::test_when_any_valid_title_odds_provided_then_plot_title_odds_does_not_raise
  /Volumes/External SSD/worldcup-2026-prediction/worldcup_playoff/visualization/forecast_plots.py:43: UserWarning: Glyph 34450 (\N{CJK UNIFIED IDEOGRAPH-8692}) missing from font(s) Arial.
    fig.savefig(path, bbox_inches="tight")

tests/test_forecast_plots.py::test_when_any_valid_title_odds_provided_then_plot_title_odds_does_not_raise
  /Volumes/External SSD/worldcup-2026-prediction/worldcup_playoff/visualization/forecast_plots.py:81: UserWarning: Glyph 143160 (\N{CJK UNIFIED IDEOGRAPH-22F38}) missing from font(s) Arial.
    plt.tight_layout()

tests/test_forecast_plots.py::test_when_any_valid_title_odds_provided_then_plot_title_odds_does_not_raise
  /Volumes/External SSD/worldcup-2026-prediction/worldcup_playoff/visualization/forecast_plots.py:81: UserWarning: Glyph 24275 (\N{CJK UNIFIED IDEOGRAPH-5ED3}) missing from font(s) Arial.
    plt.tight_layout()

tests/test_forecast_plots.py::test_when_any_valid_title_odds_provided_then_plot_title_odds_does_not_raise
  /Volumes/External SSD/worldcup-2026-prediction/worldcup_playoff/visualization/forecast_plots.py:81: UserWarning: Glyph 46954 (\N{HANGUL SYLLABLE DDILM}) missing from font(s) Arial.
    plt.tight_layout()

tests/test_forecast_plots.py::test_when_any_valid_title_odds_provided_then_plot_title_odds_does_not_raise
  /Volumes/External SSD/worldcup-2026-prediction/worldcup_playoff/visualization/forecast_plots.py:81: UserWarning: Glyph 165419 (\N{CJK UNIFIED IDEOGRAPH-2862B}) missing from font(s) Arial.
    plt.tight_layout()

tests/test_forecast_plots.py::test_when_any_valid_title_odds_provided_then_plot_title_odds_does_not_raise
  /Volumes/External SSD/worldcup-2026-prediction/worldcup_playoff/visualization/forecast_plots.py:81: UserWarning: Glyph 143903 (\N{CJK UNIFIED IDEOGRAPH-2321F}) missing from font(s) Arial.
    plt.tight_layout()

tests/test_forecast_plots.py::test_when_any_valid_title_odds_provided_then_plot_title_odds_does_not_raise
  /Volumes/External SSD/worldcup-2026-prediction/worldcup_playoff/visualization/forecast_plots.py:43: UserWarning: Glyph 143160 (\N{CJK UNIFIED IDEOGRAPH-22F38}) missing from font(s) Arial.
    fig.savefig(path, bbox_inches="tight")

tests/test_forecast_plots.py::test_when_any_valid_title_odds_provided_then_plot_title_odds_does_not_raise
  /Volumes/External SSD/worldcup-2026-prediction/worldcup_playoff/visualization/forecast_plots.py:43: UserWarning: Glyph 24275 (\N{CJK UNIFIED IDEOGRAPH-5ED3}) missing from font(s) Arial.
    fig.savefig(path, bbox_inches="tight")

tests/test_forecast_plots.py::test_when_any_valid_title_odds_provided_then_plot_title_odds_does_not_raise
  /Volumes/External SSD/worldcup-2026-prediction/worldcup_playoff/visualization/forecast_plots.py:43: UserWarning: Glyph 46954 (\N{HANGUL SYLLABLE DDILM}) missing from font(s) Arial.
    fig.savefig(path, bbox_inches="tight")

tests/test_forecast_plots.py::test_when_any_valid_title_odds_provided_then_plot_title_odds_does_not_raise
  /Volumes/External SSD/worldcup-2026-prediction/worldcup_playoff/visualization/forecast_plots.py:43: UserWarning: Glyph 165419 (\N{CJK UNIFIED IDEOGRAPH-2862B}) missing from font(s) Arial.
    fig.savefig(path, bbox_inches="tight")

tests/test_forecast_plots.py::test_when_any_valid_title_odds_provided_then_plot_title_odds_does_not_raise
  /Volumes/External SSD/worldcup-2026-prediction/worldcup_playoff/visualization/forecast_plots.py:43: UserWarning: Glyph 143903 (\N{CJK UNIFIED IDEOGRAPH-2321F}) missing from font(s) Arial.
    fig.savefig(path, bbox_inches="tight")

tests/test_forecast_plots.py::test_when_any_valid_title_odds_provided_then_plot_title_odds_does_not_raise
  /Volumes/External SSD/worldcup-2026-prediction/worldcup_playoff/visualization/forecast_plots.py:81: UserWarning: Glyph 147979 (\N{CJK UNIFIED IDEOGRAPH-2420B}) missing from font(s) Arial.
    plt.tight_layout()

tests/test_forecast_plots.py::test_when_any_valid_title_odds_provided_then_plot_title_odds_does_not_raise
  /Volumes/External SSD/worldcup-2026-prediction/worldcup_playoff/visualization/forecast_plots.py:81: UserWarning: Glyph 63911 (\N{CJK COMPATIBILITY IDEOGRAPH-F9A7}) missing from font(s) Arial.
    plt.tight_layout()

tests/test_forecast_plots.py::test_when_any_valid_title_odds_provided_then_plot_title_odds_does_not_raise
  /Volumes/External SSD/worldcup-2026-prediction/worldcup_playoff/visualization/forecast_plots.py:81: UserWarning: Glyph 120816 (\N{MATHEMATICAL SANS-SERIF BOLD DIGIT FOUR}) missing from font(s) Arial.
    plt.tight_layout()

tests/test_forecast_plots.py::test_when_any_valid_title_odds_provided_then_plot_title_odds_does_not_raise
  /Volumes/External SSD/worldcup-2026-prediction/worldcup_playoff/visualization/forecast_plots.py:81: UserWarning: Glyph 6052 (\N{KHMER INDEPENDENT VOWEL QAA}) missing from font(s) Arial.
    plt.tight_layout()

tests/test_forecast_plots.py::test_when_any_valid_title_odds_provided_then_plot_title_odds_does_not_raise
  /Volumes/External SSD/worldcup-2026-prediction/worldcup_playoff/visualization/forecast_plots.py:81: UserWarning: Glyph 154173 (\N{CJK UNIFIED IDEOGRAPH-25A3D}) missing from font(s) Arial.
    plt.tight_layout()

tests/test_forecast_plots.py::test_when_any_valid_title_odds_provided_then_plot_title_odds_does_not_raise
  /Volumes/External SSD/worldcup-2026-prediction/worldcup_playoff/visualization/forecast_plots.py:81: UserWarning: Glyph 184328 (\N{CJK UNIFIED IDEOGRAPH-2D008}) missing from font(s) Arial.
    plt.tight_layout()

tests/test_forecast_plots.py::test_when_any_valid_title_odds_provided_then_plot_title_odds_does_not_raise
  /Volumes/External SSD/worldcup-2026-prediction/worldcup_playoff/visualization/forecast_plots.py:81: UserWarning: Glyph 66776 (\N{OSAGE SMALL LETTER A}) missing from font(s) Arial.
    plt.tight_layout()

tests/test_forecast_plots.py::test_when_any_valid_title_odds_provided_then_plot_title_odds_does_not_raise
  /Volumes/External SSD/worldcup-2026-prediction/worldcup_playoff/visualization/forecast_plots.py:43: UserWarning: Glyph 147979 (\N{CJK UNIFIED IDEOGRAPH-2420B}) missing from font(s) Arial.
    fig.savefig(path, bbox_inches="tight")

tests/test_forecast_plots.py::test_when_any_valid_title_odds_provided_then_plot_title_odds_does_not_raise
  /Volumes/External SSD/worldcup-2026-prediction/worldcup_playoff/visualization/forecast_plots.py:43: UserWarning: Glyph 63911 (\N{CJK COMPATIBILITY IDEOGRAPH-F9A7}) missing from font(s) Arial.
    fig.savefig(path, bbox_inches="tight")

tests/test_forecast_plots.py::test_when_any_valid_title_odds_provided_then_plot_title_odds_does_not_raise
  /Volumes/External SSD/worldcup-2026-prediction/worldcup_playoff/visualization/forecast_plots.py:43: UserWarning: Glyph 120816 (\N{MATHEMATICAL SANS-SERIF BOLD DIGIT FOUR}) missing from font(s) Arial.
    fig.savefig(path, bbox_inches="tight")

tests/test_forecast_plots.py::test_when_any_valid_title_odds_provided_then_plot_title_odds_does_not_raise
  /Volumes/External SSD/worldcup-2026-prediction/worldcup_playoff/visualization/forecast_plots.py:43: UserWarning: Glyph 6052 (\N{KHMER INDEPENDENT VOWEL QAA}) missing from font(s) Arial.
    fig.savefig(path, bbox_inches="tight")

tests/test_forecast_plots.py::test_when_any_valid_title_odds_provided_then_plot_title_odds_does_not_raise
  /Volumes/External SSD/worldcup-2026-prediction/worldcup_playoff/visualization/forecast_plots.py:43: UserWarning: Glyph 154173 (\N{CJK UNIFIED IDEOGRAPH-25A3D}) missing from font(s) Arial.
    fig.savefig(path, bbox_inches="tight")

tests/test_forecast_plots.py::test_when_any_valid_title_odds_provided_then_plot_title_odds_does_not_raise
  /Volumes/External SSD/worldcup-2026-prediction/worldcup_playoff/visualization/forecast_plots.py:43: UserWarning: Glyph 184328 (\N{CJK UNIFIED IDEOGRAPH-2D008}) missing from font(s) Arial.
    fig.savefig(path, bbox_inches="tight")

tests/test_forecast_plots.py::test_when_any_valid_title_odds_provided_then_plot_title_odds_does_not_raise
  /Volumes/External SSD/worldcup-2026-prediction/worldcup_playoff/visualization/forecast_plots.py:43: UserWarning: Glyph 66776 (\N{OSAGE SMALL LETTER A}) missing from font(s) Arial.
    fig.savefig(path, bbox_inches="tight")

tests/test_forecast_plots.py::test_when_any_valid_round_probs_provided_then_plot_round_advancement_does_not_raise
  /Volumes/External SSD/worldcup-2026-prediction/worldcup_playoff/visualization/forecast_plots.py:145: UserWarning: Glyph 7 () missing from font(s) Arial.
    plt.tight_layout()

tests/test_forecast_plots.py::test_when_any_valid_round_probs_provided_then_plot_round_advancement_does_not_raise
  /Volumes/External SSD/worldcup-2026-prediction/worldcup_playoff/visualization/forecast_plots.py:145: UserWarning: Glyph 411015 (\U00064587) missing from font(s) Arial.
    plt.tight_layout()

tests/test_forecast_plots.py::test_when_any_valid_round_probs_provided_then_plot_round_advancement_does_not_raise
  /Volumes/External SSD/worldcup-2026-prediction/worldcup_playoff/visualization/forecast_plots.py:43: UserWarning: Glyph 7 () missing from font(s) Arial.
    fig.savefig(path, bbox_inches="tight")

tests/test_forecast_plots.py::test_when_any_valid_round_probs_provided_then_plot_round_advancement_does_not_raise
  /Volumes/External SSD/worldcup-2026-prediction/worldcup_playoff/visualization/forecast_plots.py:43: UserWarning: Glyph 411015 (\U00064587) missing from font(s) Arial.
    fig.savefig(path, bbox_inches="tight")

tests/test_forecast_plots.py::test_when_any_valid_round_probs_provided_then_plot_round_advancement_does_not_raise
tests/test_forecast_plots.py::test_when_any_valid_round_probs_provided_then_plot_round_advancement_does_not_raise
  /Volumes/External SSD/worldcup-2026-prediction/worldcup_playoff/visualization/forecast_plots.py:145: UserWarning: Glyph 4 () missing from font(s) Arial.
    plt.tight_layout()

tests/test_forecast_plots.py::test_when_any_valid_round_probs_provided_then_plot_round_advancement_does_not_raise
tests/test_forecast_plots.py::test_when_any_valid_round_probs_provided_then_plot_round_advancement_does_not_raise
  /Volumes/External SSD/worldcup-2026-prediction/worldcup_playoff/visualization/forecast_plots.py:145: UserWarning: Glyph 148 (\x94) missing from font(s) Arial.
    plt.tight_layout()

tests/test_forecast_plots.py::test_when_any_valid_round_probs_provided_then_plot_round_advancement_does_not_raise
tests/test_forecast_plots.py::test_when_any_valid_round_probs_provided_then_plot_round_advancement_does_not_raise
  /Volumes/External SSD/worldcup-2026-prediction/worldcup_playoff/visualization/forecast_plots.py:43: UserWarning: Glyph 4 () missing from font(s) Arial.
    fig.savefig(path, bbox_inches="tight")

tests/test_forecast_plots.py::test_when_any_valid_round_probs_provided_then_plot_round_advancement_does_not_raise
tests/test_forecast_plots.py::test_when_any_valid_round_probs_provided_then_plot_round_advancement_does_not_raise
  /Volumes/External SSD/worldcup-2026-prediction/worldcup_playoff/visualization/forecast_plots.py:43: UserWarning: Glyph 148 (\x94) missing from font(s) Arial.
    fig.savefig(path, bbox_inches="tight")

tests/test_forecast_plots.py::test_when_any_valid_round_probs_provided_then_plot_round_advancement_does_not_raise
  /Volumes/External SSD/worldcup-2026-prediction/worldcup_playoff/visualization/forecast_plots.py:145: UserWarning: Glyph 468458 (\U000725ea) missing from font(s) Arial.
    plt.tight_layout()

tests/test_forecast_plots.py::test_when_any_valid_round_probs_provided_then_plot_round_advancement_does_not_raise
  /Volumes/External SSD/worldcup-2026-prediction/worldcup_playoff/visualization/forecast_plots.py:43: UserWarning: Glyph 468458 (\U000725ea) missing from font(s) Arial.
    fig.savefig(path, bbox_inches="tight")

tests/test_forecast_plots.py::test_when_any_valid_round_probs_provided_then_plot_round_advancement_does_not_raise
  /Volumes/External SSD/worldcup-2026-prediction/worldcup_playoff/visualization/forecast_plots.py:145: UserWarning: Glyph 131 (\x83) missing from font(s) Arial.
    plt.tight_layout()

tests/test_forecast_plots.py::test_when_any_valid_round_probs_provided_then_plot_round_advancement_does_not_raise
  /Volumes/External SSD/worldcup-2026-prediction/worldcup_playoff/visualization/forecast_plots.py:145: UserWarning: Glyph 1073428 (\U00106114) missing from font(s) Arial.
    plt.tight_layout()

tests/test_forecast_plots.py::test_when_any_valid_round_probs_provided_then_plot_round_advancement_does_not_raise
  /Volumes/External SSD/worldcup-2026-prediction/worldcup_playoff/visualization/forecast_plots.py:145: UserWarning: Glyph 17 () missing from font(s) Arial.
    plt.tight_layout()

tests/test_forecast_plots.py::test_when_any_valid_round_probs_provided_then_plot_round_advancement_does_not_raise
  /Volumes/External SSD/worldcup-2026-prediction/worldcup_playoff/visualization/forecast_plots.py:145: UserWarning: Glyph 157 (\x9d) missing from font(s) Arial.
    plt.tight_layout()

tests/test_forecast_plots.py::test_when_any_valid_round_probs_provided_then_plot_round_advancement_does_not_raise
  /Volumes/External SSD/worldcup-2026-prediction/worldcup_playoff/visualization/forecast_plots.py:145: UserWarning: Glyph 147 (\x93) missing from font(s) Arial.
    plt.tight_layout()

tests/test_forecast_plots.py::test_when_any_valid_round_probs_provided_then_plot_round_advancement_does_not_raise
  /Volumes/External SSD/worldcup-2026-prediction/worldcup_playoff/visualization/forecast_plots.py:43: UserWarning: Glyph 131 (\x83) missing from font(s) Arial.
    fig.savefig(path, bbox_inches="tight")

tests/test_forecast_plots.py::test_when_any_valid_round_probs_provided_then_plot_round_advancement_does_not_raise
  /Volumes/External SSD/worldcup-2026-prediction/worldcup_playoff/visualization/forecast_plots.py:43: UserWarning: Glyph 1073428 (\U00106114) missing from font(s) Arial.
    fig.savefig(path, bbox_inches="tight")

tests/test_forecast_plots.py::test_when_any_valid_round_probs_provided_then_plot_round_advancement_does_not_raise
  /Volumes/External SSD/worldcup-2026-prediction/worldcup_playoff/visualization/forecast_plots.py:43: UserWarning: Glyph 17 () missing from font(s) Arial.
    fig.savefig(path, bbox_inches="tight")

tests/test_forecast_plots.py::test_when_any_valid_round_probs_provided_then_plot_round_advancement_does_not_raise
  /Volumes/External SSD/worldcup-2026-prediction/worldcup_playoff/visualization/forecast_plots.py:43: UserWarning: Glyph 157 (\x9d) missing from font(s) Arial.
    fig.savefig(path, bbox_inches="tight")

tests/test_forecast_plots.py::test_when_any_valid_round_probs_provided_then_plot_round_advancement_does_not_raise
  /Volumes/External SSD/worldcup-2026-prediction/worldcup_playoff/visualization/forecast_plots.py:43: UserWarning: Glyph 147 (\x93) missing from font(s) Arial.
    fig.savefig(path, bbox_inches="tight")

tests/test_forecast_plots.py::test_when_any_valid_round_probs_provided_then_plot_round_advancement_does_not_raise
  /Volumes/External SSD/worldcup-2026-prediction/worldcup_playoff/visualization/forecast_plots.py:145: UserWarning: Glyph 3 () missing from font(s) Arial.
    plt.tight_layout()

tests/test_forecast_plots.py::test_when_any_valid_round_probs_provided_then_plot_round_advancement_does_not_raise
  /Volumes/External SSD/worldcup-2026-prediction/worldcup_playoff/visualization/forecast_plots.py:145: UserWarning: Glyph 149 (\x95) missing from font(s) Arial.
    plt.tight_layout()

tests/test_forecast_plots.py::test_when_any_valid_round_probs_provided_then_plot_round_advancement_does_not_raise
  /Volumes/External SSD/worldcup-2026-prediction/worldcup_playoff/visualization/forecast_plots.py:43: UserWarning: Glyph 3 () missing from font(s) Arial.
    fig.savefig(path, bbox_inches="tight")

tests/test_forecast_plots.py::test_when_any_valid_round_probs_provided_then_plot_round_advancement_does_not_raise
  /Volumes/External SSD/worldcup-2026-prediction/worldcup_playoff/visualization/forecast_plots.py:43: UserWarning: Glyph 149 (\x95) missing from font(s) Arial.
    fig.savefig(path, bbox_inches="tight")

tests/test_forecast_plots.py::test_when_any_valid_round_probs_provided_then_plot_round_advancement_does_not_raise
  /Volumes/External SSD/worldcup-2026-prediction/worldcup_playoff/visualization/forecast_plots.py:145: UserWarning: Glyph 453387 (\U0006eb0b) missing from font(s) Arial.
    plt.tight_layout()

tests/test_forecast_plots.py::test_when_any_valid_round_probs_provided_then_plot_round_advancement_does_not_raise
  /Volumes/External SSD/worldcup-2026-prediction/worldcup_playoff/visualization/forecast_plots.py:145: UserWarning: Glyph 63391 (\uf79f) missing from font(s) Arial.
    plt.tight_layout()

tests/test_forecast_plots.py::test_when_any_valid_round_probs_provided_then_plot_round_advancement_does_not_raise
  /Volumes/External SSD/worldcup-2026-prediction/worldcup_playoff/visualization/forecast_plots.py:145: UserWarning: Glyph 30874 (\N{CJK UNIFIED IDEOGRAPH-789A}) missing from font(s) Arial.
    plt.tight_layout()

tests/test_forecast_plots.py::test_when_any_valid_round_probs_provided_then_plot_round_advancement_does_not_raise
  /Volumes/External SSD/worldcup-2026-prediction/worldcup_playoff/visualization/forecast_plots.py:145: UserWarning: Glyph 18 () missing from font(s) Arial.
    plt.tight_layout()

tests/test_forecast_plots.py::test_when_any_valid_round_probs_provided_then_plot_round_advancement_does_not_raise
  /Volumes/External SSD/worldcup-2026-prediction/worldcup_playoff/visualization/forecast_plots.py:145: UserWarning: Glyph 141 (\x8d) missing from font(s) Arial.
    plt.tight_layout()

tests/test_forecast_plots.py::test_when_any_valid_round_probs_provided_then_plot_round_advancement_does_not_raise
  /Volumes/External SSD/worldcup-2026-prediction/worldcup_playoff/visualization/forecast_plots.py:145: UserWarning: Glyph 868652 (\U000d412c) missing from font(s) Arial.
    plt.tight_layout()

tests/test_forecast_plots.py::test_when_any_valid_round_probs_provided_then_plot_round_advancement_does_not_raise
  /Volumes/External SSD/worldcup-2026-prediction/worldcup_playoff/visualization/forecast_plots.py:43: UserWarning: Glyph 453387 (\U0006eb0b) missing from font(s) Arial.
    fig.savefig(path, bbox_inches="tight")

tests/test_forecast_plots.py::test_when_any_valid_round_probs_provided_then_plot_round_advancement_does_not_raise
  /Volumes/External SSD/worldcup-2026-prediction/worldcup_playoff/visualization/forecast_plots.py:43: UserWarning: Glyph 63391 (\uf79f) missing from font(s) Arial.
    fig.savefig(path, bbox_inches="tight")

tests/test_forecast_plots.py::test_when_any_valid_round_probs_provided_then_plot_round_advancement_does_not_raise
  /Volumes/External SSD/worldcup-2026-prediction/worldcup_playoff/visualization/forecast_plots.py:43: UserWarning: Glyph 30874 (\N{CJK UNIFIED IDEOGRAPH-789A}) missing from font(s) Arial.
    fig.savefig(path, bbox_inches="tight")

tests/test_forecast_plots.py::test_when_any_valid_round_probs_provided_then_plot_round_advancement_does_not_raise
  /Volumes/External SSD/worldcup-2026-prediction/worldcup_playoff/visualization/forecast_plots.py:43: UserWarning: Glyph 18 () missing from font(s) Arial.
    fig.savefig(path, bbox_inches="tight")

tests/test_forecast_plots.py::test_when_any_valid_round_probs_provided_then_plot_round_advancement_does_not_raise
  /Volumes/External SSD/worldcup-2026-prediction/worldcup_playoff/visualization/forecast_plots.py:43: UserWarning: Glyph 141 (\x8d) missing from font(s) Arial.
    fig.savefig(path, bbox_inches="tight")

tests/test_forecast_plots.py::test_when_any_valid_round_probs_provided_then_plot_round_advancement_does_not_raise
  /Volumes/External SSD/worldcup-2026-prediction/worldcup_playoff/visualization/forecast_plots.py:43: UserWarning: Glyph 868652 (\U000d412c) missing from font(s) Arial.
    fig.savefig(path, bbox_inches="tight")

tests/test_forecast_plots.py::test_when_any_valid_round_probs_provided_then_plot_round_advancement_does_not_raise
  /Volumes/External SSD/worldcup-2026-prediction/worldcup_playoff/visualization/forecast_plots.py:145: UserWarning: Glyph 1072773 (\U00105e85) missing from font(s) Arial.
    plt.tight_layout()

tests/test_forecast_plots.py::test_when_any_valid_round_probs_provided_then_plot_round_advancement_does_not_raise
  /Volumes/External SSD/worldcup-2026-prediction/worldcup_playoff/visualization/forecast_plots.py:145: UserWarning: Glyph 509411 (\U0007c5e3) missing from font(s) Arial.
    plt.tight_layout()

tests/test_forecast_plots.py::test_when_any_valid_round_probs_provided_then_plot_round_advancement_does_not_raise
  /Volumes/External SSD/worldcup-2026-prediction/worldcup_playoff/visualization/forecast_plots.py:145: UserWarning: Glyph 152 (\x98) missing from font(s) Arial.
    plt.tight_layout()

tests/test_forecast_plots.py::test_when_any_valid_round_probs_provided_then_plot_round_advancement_does_not_raise
tests/test_forecast_plots.py::test_when_any_valid_round_probs_provided_then_plot_round_advancement_does_not_raise
tests/test_forecast_plots.py::test_when_any_valid_round_probs_provided_then_plot_round_advancement_does_not_raise
  /Volumes/External SSD/worldcup-2026-prediction/worldcup_playoff/visualization/forecast_plots.py:145: UserWarning: Glyph 9 (	) missing from font(s) Arial.
    plt.tight_layout()

tests/test_forecast_plots.py::test_when_any_valid_round_probs_provided_then_plot_round_advancement_does_not_raise
  /Volumes/External SSD/worldcup-2026-prediction/worldcup_playoff/visualization/forecast_plots.py:145: UserWarning: Glyph 208262 (\U00032d86) missing from font(s) Arial.
    plt.tight_layout()

tests/test_forecast_plots.py::test_when_any_valid_round_probs_provided_then_plot_round_advancement_does_not_raise
  /Volumes/External SSD/worldcup-2026-prediction/worldcup_playoff/visualization/forecast_plots.py:145: UserWarning: Glyph 12 (
  ) missing from font(s) Arial.
    plt.tight_layout()

tests/test_forecast_plots.py::test_when_any_valid_round_probs_provided_then_plot_round_advancement_does_not_raise
  /Volumes/External SSD/worldcup-2026-prediction/worldcup_playoff/visualization/forecast_plots.py:145: UserWarning: Glyph 345618 (\U00054612) missing from font(s) Arial.
    plt.tight_layout()

tests/test_forecast_plots.py::test_when_any_valid_round_probs_provided_then_plot_round_advancement_does_not_raise
  /Volumes/External SSD/worldcup-2026-prediction/worldcup_playoff/visualization/forecast_plots.py:145: UserWarning: Glyph 487447 (\U00077017) missing from font(s) Arial.
    plt.tight_layout()

tests/test_forecast_plots.py::test_when_any_valid_round_probs_provided_then_plot_round_advancement_does_not_raise
  /Volumes/External SSD/worldcup-2026-prediction/worldcup_playoff/visualization/forecast_plots.py:145: UserWarning: Glyph 163371 (\N{CJK UNIFIED IDEOGRAPH-27E2B}) missing from font(s) Arial.
    plt.tight_layout()

tests/test_forecast_plots.py::test_when_any_valid_round_probs_provided_then_plot_round_advancement_does_not_raise
tests/test_forecast_plots.py::test_when_any_valid_round_probs_provided_then_plot_round_advancement_does_not_raise
tests/test_forecast_plots.py::test_when_any_valid_round_probs_provided_then_plot_round_advancement_does_not_raise
  /Volumes/External SSD/worldcup-2026-prediction/worldcup_playoff/visualization/forecast_plots.py:145: UserWarning: Glyph 11 (
  ) missing from font(s) Arial.
    plt.tight_layout()

tests/test_forecast_plots.py::test_when_any_valid_round_probs_provided_then_plot_round_advancement_does_not_raise
  /Volumes/External SSD/worldcup-2026-prediction/worldcup_playoff/visualization/forecast_plots.py:43: UserWarning: Glyph 1072773 (\U00105e85) missing from font(s) Arial.
    fig.savefig(path, bbox_inches="tight")

tests/test_forecast_plots.py::test_when_any_valid_round_probs_provided_then_plot_round_advancement_does_not_raise
  /Volumes/External SSD/worldcup-2026-prediction/worldcup_playoff/visualization/forecast_plots.py:43: UserWarning: Glyph 509411 (\U0007c5e3) missing from font(s) Arial.
    fig.savefig(path, bbox_inches="tight")

tests/test_forecast_plots.py::test_when_any_valid_round_probs_provided_then_plot_round_advancement_does_not_raise
  /Volumes/External SSD/worldcup-2026-prediction/worldcup_playoff/visualization/forecast_plots.py:43: UserWarning: Glyph 152 (\x98) missing from font(s) Arial.
    fig.savefig(path, bbox_inches="tight")

tests/test_forecast_plots.py::test_when_any_valid_round_probs_provided_then_plot_round_advancement_does_not_raise
tests/test_forecast_plots.py::test_when_any_valid_round_probs_provided_then_plot_round_advancement_does_not_raise
tests/test_forecast_plots.py::test_when_any_valid_round_probs_provided_then_plot_round_advancement_does_not_raise
  /Volumes/External SSD/worldcup-2026-prediction/worldcup_playoff/visualization/forecast_plots.py:43: UserWarning: Glyph 9 (	) missing from font(s) Arial.
    fig.savefig(path, bbox_inches="tight")

tests/test_forecast_plots.py::test_when_any_valid_round_probs_provided_then_plot_round_advancement_does_not_raise
  /Volumes/External SSD/worldcup-2026-prediction/worldcup_playoff/visualization/forecast_plots.py:43: UserWarning: Glyph 208262 (\U00032d86) missing from font(s) Arial.
    fig.savefig(path, bbox_inches="tight")

tests/test_forecast_plots.py::test_when_any_valid_round_probs_provided_then_plot_round_advancement_does_not_raise
  /Volumes/External SSD/worldcup-2026-prediction/worldcup_playoff/visualization/forecast_plots.py:43: UserWarning: Glyph 12 (
  ) missing from font(s) Arial.
    fig.savefig(path, bbox_inches="tight")

tests/test_forecast_plots.py::test_when_any_valid_round_probs_provided_then_plot_round_advancement_does_not_raise
  /Volumes/External SSD/worldcup-2026-prediction/worldcup_playoff/visualization/forecast_plots.py:43: UserWarning: Glyph 345618 (\U00054612) missing from font(s) Arial.
    fig.savefig(path, bbox_inches="tight")

tests/test_forecast_plots.py::test_when_any_valid_round_probs_provided_then_plot_round_advancement_does_not_raise
  /Volumes/External SSD/worldcup-2026-prediction/worldcup_playoff/visualization/forecast_plots.py:43: UserWarning: Glyph 487447 (\U00077017) missing from font(s) Arial.
    fig.savefig(path, bbox_inches="tight")

tests/test_forecast_plots.py::test_when_any_valid_round_probs_provided_then_plot_round_advancement_does_not_raise
  /Volumes/External SSD/worldcup-2026-prediction/worldcup_playoff/visualization/forecast_plots.py:43: UserWarning: Glyph 163371 (\N{CJK UNIFIED IDEOGRAPH-27E2B}) missing from font(s) Arial.
    fig.savefig(path, bbox_inches="tight")

tests/test_forecast_plots.py::test_when_any_valid_round_probs_provided_then_plot_round_advancement_does_not_raise
tests/test_forecast_plots.py::test_when_any_valid_round_probs_provided_then_plot_round_advancement_does_not_raise
tests/test_forecast_plots.py::test_when_any_valid_round_probs_provided_then_plot_round_advancement_does_not_raise
  /Volumes/External SSD/worldcup-2026-prediction/worldcup_playoff/visualization/forecast_plots.py:43: UserWarning: Glyph 11 (
  ) missing from font(s) Arial.
    fig.savefig(path, bbox_inches="tight")

tests/test_forecast_plots.py::test_when_any_valid_round_probs_provided_then_plot_round_advancement_does_not_raise
  /Volumes/External SSD/worldcup-2026-prediction/worldcup_playoff/visualization/forecast_plots.py:145: UserWarning: Glyph 716063 (\U000aed1f) missing from font(s) Arial.
    plt.tight_layout()

tests/test_forecast_plots.py::test_when_any_valid_round_probs_provided_then_plot_round_advancement_does_not_raise
  /Volumes/External SSD/worldcup-2026-prediction/worldcup_playoff/visualization/forecast_plots.py:145: UserWarning: Glyph 575316 (\U0008c754) missing from font(s) Arial.
    plt.tight_layout()

tests/test_forecast_plots.py::test_when_any_valid_round_probs_provided_then_plot_round_advancement_does_not_raise
  /Volumes/External SSD/worldcup-2026-prediction/worldcup_playoff/visualization/forecast_plots.py:145: UserWarning: Glyph 855620 (\U000d0e44) missing from font(s) Arial.
    plt.tight_layout()

tests/test_forecast_plots.py::test_when_any_valid_round_probs_provided_then_plot_round_advancement_does_not_raise
  /Volumes/External SSD/worldcup-2026-prediction/worldcup_playoff/visualization/forecast_plots.py:145: UserWarning: Glyph 929236 (\U000e2dd4) missing from font(s) Arial.
    plt.tight_layout()

tests/test_forecast_plots.py::test_when_any_valid_round_probs_provided_then_plot_round_advancement_does_not_raise
  /Volumes/External SSD/worldcup-2026-prediction/worldcup_playoff/visualization/forecast_plots.py:145: UserWarning: Glyph 146 (\x92) missing from font(s) Arial.
    plt.tight_layout()

tests/test_forecast_plots.py::test_when_any_valid_round_probs_provided_then_plot_round_advancement_does_not_raise
  /Volumes/External SSD/worldcup-2026-prediction/worldcup_playoff/visualization/forecast_plots.py:145: UserWarning: Glyph 308553 (\U0004b549) missing from font(s) Arial.
    plt.tight_layout()

tests/test_forecast_plots.py::test_when_any_valid_round_probs_provided_then_plot_round_advancement_does_not_raise
  /Volumes/External SSD/worldcup-2026-prediction/worldcup_playoff/visualization/forecast_plots.py:145: UserWarning: Glyph 887988 (\U000d8cb4) missing from font(s) Arial.
    plt.tight_layout()

tests/test_forecast_plots.py::test_when_any_valid_round_probs_provided_then_plot_round_advancement_does_not_raise
  /Volumes/External SSD/worldcup-2026-prediction/worldcup_playoff/visualization/forecast_plots.py:43: UserWarning: Glyph 716063 (\U000aed1f) missing from font(s) Arial.
    fig.savefig(path, bbox_inches="tight")

tests/test_forecast_plots.py::test_when_any_valid_round_probs_provided_then_plot_round_advancement_does_not_raise
  /Volumes/External SSD/worldcup-2026-prediction/worldcup_playoff/visualization/forecast_plots.py:43: UserWarning: Glyph 575316 (\U0008c754) missing from font(s) Arial.
    fig.savefig(path, bbox_inches="tight")

tests/test_forecast_plots.py::test_when_any_valid_round_probs_provided_then_plot_round_advancement_does_not_raise
  /Volumes/External SSD/worldcup-2026-prediction/worldcup_playoff/visualization/forecast_plots.py:43: UserWarning: Glyph 855620 (\U000d0e44) missing from font(s) Arial.
    fig.savefig(path, bbox_inches="tight")

tests/test_forecast_plots.py::test_when_any_valid_round_probs_provided_then_plot_round_advancement_does_not_raise
  /Volumes/External SSD/worldcup-2026-prediction/worldcup_playoff/visualization/forecast_plots.py:43: UserWarning: Glyph 929236 (\U000e2dd4) missing from font(s) Arial.
    fig.savefig(path, bbox_inches="tight")

tests/test_forecast_plots.py::test_when_any_valid_round_probs_provided_then_plot_round_advancement_does_not_raise
  /Volumes/External SSD/worldcup-2026-prediction/worldcup_playoff/visualization/forecast_plots.py:43: UserWarning: Glyph 146 (\x92) missing from font(s) Arial.
    fig.savefig(path, bbox_inches="tight")

tests/test_forecast_plots.py::test_when_any_valid_round_probs_provided_then_plot_round_advancement_does_not_raise
  /Volumes/External SSD/worldcup-2026-prediction/worldcup_playoff/visualization/forecast_plots.py:43: UserWarning: Glyph 308553 (\U0004b549) missing from font(s) Arial.
    fig.savefig(path, bbox_inches="tight")

tests/test_forecast_plots.py::test_when_any_valid_round_probs_provided_then_plot_round_advancement_does_not_raise
  /Volumes/External SSD/worldcup-2026-prediction/worldcup_playoff/visualization/forecast_plots.py:43: UserWarning: Glyph 887988 (\U000d8cb4) missing from font(s) Arial.
    fig.savefig(path, bbox_inches="tight")

tests/test_forecast_plots.py::test_when_any_valid_round_probs_provided_then_plot_round_advancement_does_not_raise
  /Volumes/External SSD/worldcup-2026-prediction/worldcup_playoff/visualization/forecast_plots.py:145: UserWarning: Glyph 942169 (\U000e6059) missing from font(s) Arial.
    plt.tight_layout()

tests/test_forecast_plots.py::test_when_any_valid_round_probs_provided_then_plot_round_advancement_does_not_raise
  /Volumes/External SSD/worldcup-2026-prediction/worldcup_playoff/visualization/forecast_plots.py:145: UserWarning: Glyph 596748 (\U00091b0c) missing from font(s) Arial.
    plt.tight_layout()

tests/test_forecast_plots.py::test_when_any_valid_round_probs_provided_then_plot_round_advancement_does_not_raise
  /Volumes/External SSD/worldcup-2026-prediction/worldcup_playoff/visualization/forecast_plots.py:145: UserWarning: Glyph 128 (\x80) missing from font(s) Arial.
    plt.tight_layout()

tests/test_forecast_plots.py::test_when_any_valid_round_probs_provided_then_plot_round_advancement_does_not_raise
tests/test_forecast_plots.py::test_when_any_valid_round_probs_provided_then_plot_round_advancement_does_not_raise
  /Volumes/External SSD/worldcup-2026-prediction/worldcup_playoff/visualization/forecast_plots.py:145: UserWarning: Glyph 158 (\x9e) missing from font(s) Arial.
    plt.tight_layout()

tests/test_forecast_plots.py::test_when_any_valid_round_probs_provided_then_plot_round_advancement_does_not_raise
  /Volumes/External SSD/worldcup-2026-prediction/worldcup_playoff/visualization/forecast_plots.py:43: UserWarning: Glyph 942169 (\U000e6059) missing from font(s) Arial.
    fig.savefig(path, bbox_inches="tight")

tests/test_forecast_plots.py::test_when_any_valid_round_probs_provided_then_plot_round_advancement_does_not_raise
  /Volumes/External SSD/worldcup-2026-prediction/worldcup_playoff/visualization/forecast_plots.py:43: UserWarning: Glyph 596748 (\U00091b0c) missing from font(s) Arial.
    fig.savefig(path, bbox_inches="tight")

tests/test_forecast_plots.py::test_when_any_valid_round_probs_provided_then_plot_round_advancement_does_not_raise
  /Volumes/External SSD/worldcup-2026-prediction/worldcup_playoff/visualization/forecast_plots.py:43: UserWarning: Glyph 128 (\x80) missing from font(s) Arial.
    fig.savefig(path, bbox_inches="tight")

tests/test_forecast_plots.py::test_when_any_valid_round_probs_provided_then_plot_round_advancement_does_not_raise
tests/test_forecast_plots.py::test_when_any_valid_round_probs_provided_then_plot_round_advancement_does_not_raise
  /Volumes/External SSD/worldcup-2026-prediction/worldcup_playoff/visualization/forecast_plots.py:43: UserWarning: Glyph 158 (\x9e) missing from font(s) Arial.
    fig.savefig(path, bbox_inches="tight")

tests/test_forecast_plots.py::test_when_any_valid_round_probs_provided_then_plot_round_advancement_does_not_raise
  /Volumes/External SSD/worldcup-2026-prediction/worldcup_playoff/visualization/forecast_plots.py:145: UserWarning: Glyph 733823 (\U000b327f) missing from font(s) Arial.
    plt.tight_layout()

tests/test_forecast_plots.py::test_when_any_valid_round_probs_provided_then_plot_round_advancement_does_not_raise
  /Volumes/External SSD/worldcup-2026-prediction/worldcup_playoff/visualization/forecast_plots.py:145: UserWarning: Glyph 381787 (\U0005d35b) missing from font(s) Arial.
    plt.tight_layout()

tests/test_forecast_plots.py::test_when_any_valid_round_probs_provided_then_plot_round_advancement_does_not_raise
  /Volumes/External SSD/worldcup-2026-prediction/worldcup_playoff/visualization/forecast_plots.py:145: UserWarning: Glyph 820860 (\U000c867c) missing from font(s) Arial.
    plt.tight_layout()

tests/test_forecast_plots.py::test_when_any_valid_round_probs_provided_then_plot_round_advancement_does_not_raise
  /Volumes/External SSD/worldcup-2026-prediction/worldcup_playoff/visualization/forecast_plots.py:145: UserWarning: Glyph 783504 (\U000bf490) missing from font(s) Arial.
    plt.tight_layout()

tests/test_forecast_plots.py::test_when_any_valid_round_probs_provided_then_plot_round_advancement_does_not_raise
  /Volumes/External SSD/worldcup-2026-prediction/worldcup_playoff/visualization/forecast_plots.py:43: UserWarning: Glyph 733823 (\U000b327f) missing from font(s) Arial.
    fig.savefig(path, bbox_inches="tight")

tests/test_forecast_plots.py::test_when_any_valid_round_probs_provided_then_plot_round_advancement_does_not_raise
  /Volumes/External SSD/worldcup-2026-prediction/worldcup_playoff/visualization/forecast_plots.py:43: UserWarning: Glyph 381787 (\U0005d35b) missing from font(s) Arial.
    fig.savefig(path, bbox_inches="tight")

tests/test_forecast_plots.py::test_when_any_valid_round_probs_provided_then_plot_round_advancement_does_not_raise
  /Volumes/External SSD/worldcup-2026-prediction/worldcup_playoff/visualization/forecast_plots.py:43: UserWarning: Glyph 820860 (\U000c867c) missing from font(s) Arial.
    fig.savefig(path, bbox_inches="tight")

tests/test_forecast_plots.py::test_when_any_valid_round_probs_provided_then_plot_round_advancement_does_not_raise
  /Volumes/External SSD/worldcup-2026-prediction/worldcup_playoff/visualization/forecast_plots.py:43: UserWarning: Glyph 783504 (\U000bf490) missing from font(s) Arial.
    fig.savefig(path, bbox_inches="tight")

tests/test_forecast_plots.py::test_when_any_valid_round_probs_provided_then_plot_round_advancement_does_not_raise
  /Volumes/External SSD/worldcup-2026-prediction/worldcup_playoff/visualization/forecast_plots.py:145: UserWarning: Glyph 1066834 (\U00104752) missing from font(s) Arial.
    plt.tight_layout()

tests/test_forecast_plots.py::test_when_any_valid_round_probs_provided_then_plot_round_advancement_does_not_raise
  /Volumes/External SSD/worldcup-2026-prediction/worldcup_playoff/visualization/forecast_plots.py:43: UserWarning: Glyph 1066834 (\U00104752) missing from font(s) Arial.
    fig.savefig(path, bbox_inches="tight")

tests/test_forecast_plots.py::test_when_any_valid_round_probs_provided_then_plot_round_advancement_does_not_raise
  /Volumes/External SSD/worldcup-2026-prediction/worldcup_playoff/visualization/forecast_plots.py:145: UserWarning: Glyph 619502 (\U000973ee) missing from font(s) Arial.
    plt.tight_layout()

tests/test_forecast_plots.py::test_when_any_valid_round_probs_provided_then_plot_round_advancement_does_not_raise
  /Volumes/External SSD/worldcup-2026-prediction/worldcup_playoff/visualization/forecast_plots.py:145: UserWarning: Glyph 1 () missing from font(s) Arial.
    plt.tight_layout()

tests/test_forecast_plots.py::test_when_any_valid_round_probs_provided_then_plot_round_advancement_does_not_raise
  /Volumes/External SSD/worldcup-2026-prediction/worldcup_playoff/visualization/forecast_plots.py:43: UserWarning: Glyph 619502 (\U000973ee) missing from font(s) Arial.
    fig.savefig(path, bbox_inches="tight")

tests/test_forecast_plots.py::test_when_any_valid_round_probs_provided_then_plot_round_advancement_does_not_raise
  /Volumes/External SSD/worldcup-2026-prediction/worldcup_playoff/visualization/forecast_plots.py:43: UserWarning: Glyph 1 () missing from font(s) Arial.
    fig.savefig(path, bbox_inches="tight")

tests/test_forecast_plots.py::test_when_any_valid_round_probs_provided_then_plot_round_advancement_does_not_raise
tests/test_forecast_plots.py::test_when_any_valid_round_probs_provided_then_plot_round_advancement_does_not_raise
tests/test_forecast_plots.py::test_when_any_valid_round_probs_provided_then_plot_round_advancement_does_not_raise
  /Volumes/External SSD/worldcup-2026-prediction/worldcup_playoff/visualization/forecast_plots.py:145: UserWarning: Glyph 1041422 (\U000fe40e) missing from font(s) Arial.
    plt.tight_layout()

tests/test_forecast_plots.py::test_when_any_valid_round_probs_provided_then_plot_round_advancement_does_not_raise
  /Volumes/External SSD/worldcup-2026-prediction/worldcup_playoff/visualization/forecast_plots.py:145: UserWarning: Glyph 966734 (\U000ec04e) missing from font(s) Arial.
    plt.tight_layout()

tests/test_forecast_plots.py::test_when_any_valid_round_probs_provided_then_plot_round_advancement_does_not_raise
  /Volumes/External SSD/worldcup-2026-prediction/worldcup_playoff/visualization/forecast_plots.py:145: UserWarning: Glyph 814093 (\U000c6c0d) missing from font(s) Arial.
    plt.tight_layout()

tests/test_forecast_plots.py::test_when_any_valid_round_probs_provided_then_plot_round_advancement_does_not_raise
  /Volumes/External SSD/worldcup-2026-prediction/worldcup_playoff/visualization/forecast_plots.py:145: UserWarning: Glyph 13 (
  ) missing from font(s) Arial.
    plt.tight_layout()

tests/test_forecast_plots.py::test_when_any_valid_round_probs_provided_then_plot_round_advancement_does_not_raise
tests/test_forecast_plots.py::test_when_any_valid_round_probs_provided_then_plot_round_advancement_does_not_raise
tests/test_forecast_plots.py::test_when_any_valid_round_probs_provided_then_plot_round_advancement_does_not_raise
  /Volumes/External SSD/worldcup-2026-prediction/worldcup_playoff/visualization/forecast_plots.py:145: UserWarning: Glyph 155 (\x9b) missing from font(s) Arial.
    plt.tight_layout()

tests/test_forecast_plots.py::test_when_any_valid_round_probs_provided_then_plot_round_advancement_does_not_raise
tests/test_forecast_plots.py::test_when_any_valid_round_probs_provided_then_plot_round_advancement_does_not_raise
tests/test_forecast_plots.py::test_when_any_valid_round_probs_provided_then_plot_round_advancement_does_not_raise
  /Volumes/External SSD/worldcup-2026-prediction/worldcup_playoff/visualization/forecast_plots.py:145: UserWarning: Glyph 214274 (\U00034502) missing from font(s) Arial.
    plt.tight_layout()

tests/test_forecast_plots.py::test_when_any_valid_round_probs_provided_then_plot_round_advancement_does_not_raise
tests/test_forecast_plots.py::test_when_any_valid_round_probs_provided_then_plot_round_advancement_does_not_raise
tests/test_forecast_plots.py::test_when_any_valid_round_probs_provided_then_plot_round_advancement_does_not_raise
  /Volumes/External SSD/worldcup-2026-prediction/worldcup_playoff/visualization/forecast_plots.py:145: UserWarning: Glyph 1840 (\N{SYRIAC PTHAHA ABOVE}) missing from font(s) Arial.
    plt.tight_layout()

tests/test_forecast_plots.py::test_when_any_valid_round_probs_provided_then_plot_round_advancement_does_not_raise
  /Volumes/External SSD/worldcup-2026-prediction/worldcup_playoff/visualization/forecast_plots.py:145: UserWarning: Glyph 85279 (\U00014d1f) missing from font(s) Arial.
    plt.tight_layout()

tests/test_forecast_plots.py::test_when_any_valid_round_probs_provided_then_plot_round_advancement_does_not_raise
  /Volumes/External SSD/worldcup-2026-prediction/worldcup_playoff/visualization/forecast_plots.py:145: UserWarning: Glyph 675462 (\U000a4e86) missing from font(s) Arial.
    plt.tight_layout()

tests/test_forecast_plots.py::test_when_any_valid_round_probs_provided_then_plot_round_advancement_does_not_raise
  /Volumes/External SSD/worldcup-2026-prediction/worldcup_playoff/visualization/forecast_plots.py:145: UserWarning: Glyph 948731 (\U000e79fb) missing from font(s) Arial.
    plt.tight_layout()

tests/test_forecast_plots.py::test_when_any_valid_round_probs_provided_then_plot_round_advancement_does_not_raise
tests/test_forecast_plots.py::test_when_any_valid_round_probs_provided_then_plot_round_advancement_does_not_raise
tests/test_forecast_plots.py::test_when_any_valid_round_probs_provided_then_plot_round_advancement_does_not_raise
  /Volumes/External SSD/worldcup-2026-prediction/worldcup_playoff/visualization/forecast_plots.py:43: UserWarning: Glyph 1041422 (\U000fe40e) missing from font(s) Arial.
    fig.savefig(path, bbox_inches="tight")

tests/test_forecast_plots.py::test_when_any_valid_round_probs_provided_then_plot_round_advancement_does_not_raise
  /Volumes/External SSD/worldcup-2026-prediction/worldcup_playoff/visualization/forecast_plots.py:43: UserWarning: Glyph 966734 (\U000ec04e) missing from font(s) Arial.
    fig.savefig(path, bbox_inches="tight")

tests/test_forecast_plots.py::test_when_any_valid_round_probs_provided_then_plot_round_advancement_does_not_raise
  /Volumes/External SSD/worldcup-2026-prediction/worldcup_playoff/visualization/forecast_plots.py:43: UserWarning: Glyph 814093 (\U000c6c0d) missing from font(s) Arial.
    fig.savefig(path, bbox_inches="tight")

tests/test_forecast_plots.py::test_when_any_valid_round_probs_provided_then_plot_round_advancement_does_not_raise
  /Volumes/External SSD/worldcup-2026-prediction/worldcup_playoff/visualization/forecast_plots.py:43: UserWarning: Glyph 13 (
  ) missing from font(s) Arial.
    fig.savefig(path, bbox_inches="tight")

tests/test_forecast_plots.py::test_when_any_valid_round_probs_provided_then_plot_round_advancement_does_not_raise
tests/test_forecast_plots.py::test_when_any_valid_round_probs_provided_then_plot_round_advancement_does_not_raise
tests/test_forecast_plots.py::test_when_any_valid_round_probs_provided_then_plot_round_advancement_does_not_raise
  /Volumes/External SSD/worldcup-2026-prediction/worldcup_playoff/visualization/forecast_plots.py:43: UserWarning: Glyph 155 (\x9b) missing from font(s) Arial.
    fig.savefig(path, bbox_inches="tight")

tests/test_forecast_plots.py::test_when_any_valid_round_probs_provided_then_plot_round_advancement_does_not_raise
tests/test_forecast_plots.py::test_when_any_valid_round_probs_provided_then_plot_round_advancement_does_not_raise
tests/test_forecast_plots.py::test_when_any_valid_round_probs_provided_then_plot_round_advancement_does_not_raise
  /Volumes/External SSD/worldcup-2026-prediction/worldcup_playoff/visualization/forecast_plots.py:43: UserWarning: Glyph 214274 (\U00034502) missing from font(s) Arial.
    fig.savefig(path, bbox_inches="tight")

tests/test_forecast_plots.py::test_when_any_valid_round_probs_provided_then_plot_round_advancement_does_not_raise
tests/test_forecast_plots.py::test_when_any_valid_round_probs_provided_then_plot_round_advancement_does_not_raise
tests/test_forecast_plots.py::test_when_any_valid_round_probs_provided_then_plot_round_advancement_does_not_raise
  /Volumes/External SSD/worldcup-2026-prediction/worldcup_playoff/visualization/forecast_plots.py:43: UserWarning: Glyph 1840 (\N{SYRIAC PTHAHA ABOVE}) missing from font(s) Arial.
    fig.savefig(path, bbox_inches="tight")

tests/test_forecast_plots.py::test_when_any_valid_round_probs_provided_then_plot_round_advancement_does_not_raise
  /Volumes/External SSD/worldcup-2026-prediction/worldcup_playoff/visualization/forecast_plots.py:43: UserWarning: Glyph 85279 (\U00014d1f) missing from font(s) Arial.
    fig.savefig(path, bbox_inches="tight")

tests/test_forecast_plots.py::test_when_any_valid_round_probs_provided_then_plot_round_advancement_does_not_raise
  /Volumes/External SSD/worldcup-2026-prediction/worldcup_playoff/visualization/forecast_plots.py:43: UserWarning: Glyph 675462 (\U000a4e86) missing from font(s) Arial.
    fig.savefig(path, bbox_inches="tight")

tests/test_forecast_plots.py::test_when_any_valid_round_probs_provided_then_plot_round_advancement_does_not_raise
  /Volumes/External SSD/worldcup-2026-prediction/worldcup_playoff/visualization/forecast_plots.py:43: UserWarning: Glyph 948731 (\U000e79fb) missing from font(s) Arial.
    fig.savefig(path, bbox_inches="tight")

-- Docs: https://docs.pytest.org/en/stable/how-to/capture-warnings.html
1182 passed, 292 warnings in 73.08s (0:01:13)
