........................................................................ [ 10%]
........................................................................ [ 20%]
........................................................................ [ 30%]
........................................................................ [ 40%]
........................................................................ [ 50%]
........................................................................ [ 60%]
........................................................................ [ 70%]
........................................................................ [ 81%]
........................................................................ [ 91%]
...............................................................          [100%]
711 passed in 2.64s
